  ▲ Next.js 14.2.5

   Creating an optimized production build ...
 ✓ Compiled successfully
   Linting and checking validity of types ...
Failed to compile.

./design-sandbox/src/app/layout.tsx:5:31
Type error: Cannot find module '@/hooks/useTheme' or its corresponding type declarations.

[0m [90m 3 |[39m [36mimport[39m type { [33mReactNode[39m } [36mfrom[39m [32m'react'[39m[0m
[0m [90m 4 |[39m [36mimport[39m [32m'./globals.css'[39m[0m
[0m[31m[1m>[22m[39m[90m 5 |[39m [36mimport[39m { [33mThemeProvider[39m } [36mfrom[39m [32m'@/hooks/useTheme'[39m[0m
[0m [90m   |[39m                               [31m[1m^[22m[39m[0m
[0m [90m 6 |[39m[0m
[0m [90m 7 |[39m [36mconst[39m inter [33m=[39m [33mInter[39m({ [0m
[0m [90m 8 |[39m   subsets[33m:[39m [[32m'latin'[39m][33m,[39m[0m
